---
http_interactions:
- request:
    method: post
    uri: https://team42-beyond-api.beyondshop.cloud/api/oauth/token?grant_type=client_credentials
    body:
      encoding: UTF-8
      string: "{}"
    headers:
      Accept:
      - application/json
      Content-Type:
      - application/json
      User-Agent:
      - Faraday v2.10.1
      Authorization:
      - Basic <ACCESS_TOKEN>
      Accept-Encoding:
      - gzip;q=1.0,deflate;q=0.6,identity;q=0.3
  response:
    status:
      code: 200
      message: OK
    headers:
      Date:
      - Thu, 10 Oct 2024 14:53:18 GMT
      Content-Type:
      - application/json;charset=utf-8
      Transfer-Encoding:
      - chunked
      Connection:
      - keep-alive
      Cache-Control:
      - no-store
      Pragma:
      - no-cache
      X-Content-Type-Options:
      - nosniff
      X-Xss-Protection:
      - 1; mode=block
      Strict-Transport-Security:
      - max-age=31536000 ; includeSubDomains
      X-Frame-Options:
      - DENY
      Server:
      - epages-beyond
      X-Request-Time:
      - '0.120'
      X-B3-Traceid:
      - f387c0f33009487fa59ca22b547bad28
      X-Hello-Human:
      - Come work with us! https://developer.epages.com/devjobs/
    body:
      encoding: UTF-8
      string: |-
        {
          "access_token" : "<ACCESS_TOKEN>",
          "token_type" : "bearer",
          "expires_in" : 3599,
          "scope" : "orde:r prat:dcur pypr:cur prod:urdc lcnt:u pymt:ur loca:urcd sctg:m shat:cdru rfpr:ur prad:rcd shpz:dcur shad:u ordr:cur shop:u shim:cd cust:urcd clpr:cr legl:ur prda:ru rtpr:rc oset:ur shpr:rcu cset:ru ordp:r catg:cdur nltg:m",
          "tenantId" : 8542,
          "iat" : 1728571998,
          "jti" : "JdpG0j3tesmecsjHCH9GnyuPPsw="
        }
  recorded_at: Thu, 10 Oct 2024 14:53:18 GMT
- request:
    method: post
    uri: https://team42-beyond-api.beyondshop.cloud/api/shop/locations
    body:
      encoding: UTF-8
      string: '{"languageCode":"en","storeCode":"MLC-St-Ives","companyName":"My little
        Cornershop - St.Ives","primaryPhone":"(800) 555-0102","address":{"postalCode":"90999","street":"Hudson
        Way","houseNumber":"27","city":"St.Ives","country":"GB","dependentLocality":"","state":"Cornwall"},"googleStatus":"ACTIVE","googlePrimaryCategory":{"categoryId":"gcid:storefood","displayName":"Food"},"googleAdditionalCategories":[{"displayName":"Drinks","categoryId":"gcid:storedrinks"}],"regularHours":{"periods":[{"openDay":"MONDAY","openTime":"08:00","closeDay":"MONDAY","closeTime":"17:00"},{"openDay":"SATURDAY","openTime":"10:00","closeDay":"SATURDAY","closeTime":"16:00"}]},"latLng":{"latitude":53.5847424,"longitude":9.968901}}'
    headers:
      Accept:
      - application/json
      Content-Type:
      - application/json
      User-Agent:
      - Faraday v2.10.1
      Authorization:
      - Bearer <ACCESS_TOKEN>
      Accept-Encoding:
      - gzip;q=1.0,deflate;q=0.6,identity;q=0.3
  response:
    status:
      code: 201
      message: Created
    headers:
      Date:
      - Thu, 10 Oct 2024 14:53:19 GMT
      Content-Type:
      - application/json
      Transfer-Encoding:
      - chunked
      Connection:
      - keep-alive
      Location:
      - https://team42-beyond-api.beyondshop.cloud/api/shop/locations/b5ca0a65-b15b-44b6-93b5-99a86dfecba6
      X-Content-Type-Options:
      - nosniff
      X-Xss-Protection:
      - 1; mode=block
      Cache-Control:
      - no-cache, no-store, max-age=0, must-revalidate
      Pragma:
      - no-cache
      Expires:
      - '0'
      X-Frame-Options:
      - DENY
      Server:
      - epages-beyond
      X-Request-Time:
      - '0.090'
      X-B3-Traceid:
      - 53e5c924c5cec8dbd06d7c8154262166
      X-Hello-Human:
      - Come work with us! https://developer.epages.com/devjobs/
    body:
      encoding: UTF-8
      string: |-
        {
          "_id" : "b5ca0a65-b15b-44b6-93b5-99a86dfecba6",
          "storeCode" : "MLC-St-Ives",
          "languageCode" : "en",
          "address" : {
            "street" : "Hudson Way",
            "houseNumber" : "27",
            "postalCode" : "90999",
            "city" : "St.Ives",
            "country" : "GB",
            "dependentLocality" : "",
            "state" : "Cornwall",
            "displayAddressLines" : [ "27 Hudson Way", "ST.IVES", "90999", "UNITED KINGDOM" ]
          },
          "companyName" : "My little Cornershop - St.Ives",
          "primaryPhone" : "(800) 555-0102",
          "googleStatus" : "ACTIVE",
          "googlePrimaryCategory" : {
            "displayName" : "Food",
            "categoryId" : "gcid:storefood"
          },
          "googleAdditionalCategories" : [ {
            "displayName" : "Drinks",
            "categoryId" : "gcid:storedrinks"
          } ],
          "latLng" : {
            "latitude" : 53.5847424,
            "longitude" : 9.968901
          },
          "regularHours" : {
            "periods" : [ {
              "openDay" : "MONDAY",
              "openTime" : "08:00",
              "closeDay" : "MONDAY",
              "closeTime" : "17:00"
            }, {
              "openDay" : "SATURDAY",
              "openTime" : "10:00",
              "closeDay" : "SATURDAY",
              "closeTime" : "16:00"
            } ]
          },
          "_links" : {
            "self" : {
              "href" : "https://team42-beyond-api.beyondshop.cloud/api/shop/locations/b5ca0a65-b15b-44b6-93b5-99a86dfecba6"
            }
          }
        }
  recorded_at: Thu, 10 Oct 2024 14:53:19 GMT
- request:
    method: delete
    uri: https://team42-beyond-api.beyondshop.cloud/api/shop/locations/b5ca0a65-b15b-44b6-93b5-99a86dfecba6
    body:
      encoding: US-ASCII
      string: ''
    headers:
      Accept:
      - application/json
      Content-Type:
      - application/json
      User-Agent:
      - Faraday v2.10.1
      Authorization:
      - Bearer <ACCESS_TOKEN>
      Accept-Encoding:
      - gzip;q=1.0,deflate;q=0.6,identity;q=0.3
  response:
    status:
      code: 204
      message: No Content
    headers:
      Date:
      - Thu, 10 Oct 2024 14:53:19 GMT
      Connection:
      - keep-alive
      X-Content-Type-Options:
      - nosniff
      X-Xss-Protection:
      - 1; mode=block
      Cache-Control:
      - no-cache, no-store, max-age=0, must-revalidate
      Pragma:
      - no-cache
      Expires:
      - '0'
      X-Frame-Options:
      - DENY
      Server:
      - epages-beyond
      X-Request-Time:
      - '0.056'
      X-B3-Traceid:
      - 0beabd9e843630d6e38e45f61804baa0
      X-Hello-Human:
      - Come work with us! https://developer.epages.com/devjobs/
    body:
      encoding: UTF-8
      string: ''
  recorded_at: Thu, 10 Oct 2024 14:53:19 GMT
recorded_with: VCR 6.2.0
