---
http_interactions:
- request:
    method: post
    uri: https://team42-beyond-api.beyondshop.cloud/api/oauth/token?grant_type=client_credentials
    body:
      encoding: UTF-8
      string: "{}"
    headers:
      Accept:
      - application/json
      Content-Type:
      - application/json
      User-Agent:
      - Faraday v2.10.1
      Authorization:
      - Basic <ACCESS_TOKEN>
      Accept-Encoding:
      - gzip;q=1.0,deflate;q=0.6,identity;q=0.3
  response:
    status:
      code: 200
      message: OK
    headers:
      Date:
      - Tue, 29 Oct 2024 14:39:40 GMT
      Content-Type:
      - application/json;charset=utf-8
      Transfer-Encoding:
      - chunked
      Connection:
      - keep-alive
      Cache-Control:
      - no-store
      Pragma:
      - no-cache
      X-Content-Type-Options:
      - nosniff
      X-Xss-Protection:
      - 1; mode=block
      Strict-Transport-Security:
      - max-age=31536000 ; includeSubDomains
      X-Frame-Options:
      - DENY
      Server:
      - epages-beyond
      X-Request-Time:
      - '0.118'
      X-B3-Traceid:
      - cb4a96ff7ef33563ed1df000876d9eee
      X-Hello-Human:
      - Come work with us! https://developer.epages.com/devjobs/
    body:
      encoding: UTF-8
      string: |-
        {
          "access_token" : "<ACCESS_TOKEN>",
          "token_type" : "bearer",
          "expires_in" : 3599,
          "scope" : "orde:r prat:dcur pypr:cur prod:urdc lcnt:u pymt:ur loca:urcd sctg:m shat:cdru rfpr:ur prad:rcd shpz:dcur shad:u ordr:cur shop:u shim:cd cust:urcd clpr:cr legl:ur prda:ru rtpr:rc oset:ur shpr:rcu cset:ru ordp:r catg:cdur nltg:m",
          "tenantId" : 8542,
          "iat" : 1730212780,
          "jti" : "to8IntIC9uK5qTo6W59N9PKn/8A="
        }
  recorded_at: Tue, 29 Oct 2024 14:39:40 GMT
- request:
    method: post
    uri: https://team42-beyond-api.beyondshop.cloud/api/products
    body:
      encoding: UTF-8
      string: '{"name":"Team42 Product","description":"Spain\nRioja Tempranillo","manufacturer":"Grape
        Vineyard","essentialFeatures":"Dry. 12% alcohol. Best vine variety.","tags":["Bestseller","Red
        Wine","Sale"],"productIdentifiers":[{"type":"EAN","value":"9780134308135"}],"salesPrice":{"taxModel":"GROSS","amount":8.7,"currency":"GBP"},"listPrice":{"taxModel":"GROSS","amount":10.95,"currency":"GBP"},"manufacturerPrice":{"taxModel":"GROSS","amount":11.95,"currency":"GBP"},"visible":true,"taxClass":"REGULAR","shippingWeight":{"value":1175.0,"displayUnit":"GRAMS"},"maxOrderQuantity":6,"shippingDimension":{"length":1500,"width":1000,"height":2000},"refPrice":{"refQuantity":1,"unit":"LITER","quantity":0.75,"price":{"taxModel":"GROSS","amount":11.6,"currency":"GBP"}},"shippingPeriod":{"min":2,"max":4,"displayUnit":"WEEKS"},"pickupPeriod":{"min":1,"max":2,"displayUnit":"WEEKS"},"productLabels":[{"type":"NEW","activeFrom":"2024-08-13T11:31:30.210787732","activeUntil":"2024-09-10T11:31:30.210787732"}]}'
    headers:
      Accept:
      - application/json
      Content-Type:
      - application/json
      User-Agent:
      - Faraday v2.10.1
      Authorization:
      - Bearer <ACCESS_TOKEN>
      Accept-Encoding:
      - gzip;q=1.0,deflate;q=0.6,identity;q=0.3
  response:
    status:
      code: 201
      message: Created
    headers:
      Date:
      - Tue, 29 Oct 2024 14:39:40 GMT
      Content-Type:
      - application/json
      Transfer-Encoding:
      - chunked
      Connection:
      - keep-alive
      Location:
      - https://team42-beyond-api.beyondshop.cloud/api/products/aceae342-719e-449b-9ca6-9f7cf019bac7
      X-Content-Type-Options:
      - nosniff
      X-Xss-Protection:
      - 1; mode=block
      Cache-Control:
      - no-cache, no-store, max-age=0, must-revalidate
      Pragma:
      - no-cache
      Expires:
      - '0'
      X-Frame-Options:
      - DENY
      Server:
      - epages-beyond
      X-Request-Time:
      - '0.418'
      X-B3-Traceid:
      - d9401668fca60e1577ecca451929a3f5
      X-Hello-Human:
      - Come work with us! https://developer.epages.com/devjobs/
    body:
      encoding: UTF-8
      string: |-
        {
          "_id" : "aceae342-719e-449b-9ca6-9f7cf019bac7",
          "lastModifiedAt" : "2024-10-29T14:39:40.44838634",
          "sku" : "1122",
          "salesPrice" : {
            "taxModel" : "GROSS",
            "currency" : "GBP",
            "amount" : 8.7,
            "derivedPrice" : {
              "taxModel" : "NET",
              "currency" : "GBP",
              "amount" : 7.25,
              "taxRate" : 0.2
            }
          },
          "listPrice" : {
            "taxModel" : "GROSS",
            "currency" : "GBP",
            "amount" : 10.95,
            "derivedPrice" : {
              "taxModel" : "NET",
              "currency" : "GBP",
              "amount" : 9.125,
              "taxRate" : 0.2
            }
          },
          "manufacturerPrice" : {
            "taxModel" : "GROSS",
            "currency" : "GBP",
            "amount" : 11.95,
            "derivedPrice" : {
              "taxModel" : "NET",
              "currency" : "GBP",
              "amount" : 9.95833333333333333333333,
              "taxRate" : 0.2
            }
          },
          "tags" : [ "Bestseller", "Red Wine", "Sale" ],
          "productIdentifiers" : [ {
            "type" : "EAN",
            "value" : "9780134308135"
          } ],
          "visible" : true,
          "taxClass" : "REGULAR",
          "shippingWeight" : {
            "value" : 1175.0,
            "displayUnit" : "GRAMS"
          },
          "maxOrderQuantity" : 6,
          "shippingDimension" : {
            "length" : 1500,
            "width" : 1000,
            "height" : 2000
          },
          "refPrice" : {
            "refQuantity" : 1,
            "unit" : "LITER",
            "quantity" : 0.75,
            "price" : {
              "taxModel" : "GROSS",
              "currency" : "GBP",
              "amount" : 11.6,
              "derivedPrice" : {
                "taxModel" : "NET",
                "currency" : "GBP",
                "amount" : 9.6667,
                "taxRate" : 0.2
              }
            }
          },
          "shippingPeriod" : {
            "min" : 2,
            "max" : 4,
            "displayUnit" : "WEEKS"
          },
          "pickupPeriod" : {
            "min" : 1,
            "max" : 2,
            "displayUnit" : "WEEKS"
          },
          "name" : "Team42 Product",
          "description" : "Spain\nRioja Tempranillo",
          "manufacturer" : "Grape Vineyard",
          "essentialFeatures" : "Dry. 12% alcohol. Best vine variety.",
          "variationAttributes" : [ ],
          "customText" : null,
          "productLabels" : [ {
            "type" : "NEW",
            "activeFrom" : "2024-08-13T11:31:30.210787732",
            "activeUntil" : "2024-09-10T11:31:30.210787732"
          } ],
          "isVariationProduct" : false,
          "_embedded" : {
            "availability" : {
              "availabilityState" : "IN_STOCK",
              "availableStock" : null,
              "stockThreshold" : null,
              "purchasable" : true,
              "_links" : {
                "self" : {
                  "href" : "https://team42-beyond-api.beyondshop.cloud/api/products/aceae342-719e-449b-9ca6-9f7cf019bac7/availability"
                }
              }
            }
          },
          "_links" : {
            "self" : {
              "href" : "https://team42-beyond-api.beyondshop.cloud/api/products/aceae342-719e-449b-9ca6-9f7cf019bac7"
            },
            "availability" : {
              "href" : "https://team42-beyond-api.beyondshop.cloud/api/products/aceae342-719e-449b-9ca6-9f7cf019bac7/availability"
            },
            "attributes" : {
              "href" : "https://team42-beyond-api.beyondshop.cloud/api/products/aceae342-719e-449b-9ca6-9f7cf019bac7/attributes"
            },
            "attachments" : {
              "href" : "https://team42-beyond-api.beyondshop.cloud/api/products/aceae342-719e-449b-9ca6-9f7cf019bac7/attachments"
            },
            "images" : {
              "href" : "https://team42-beyond-api.beyondshop.cloud/api/products/aceae342-719e-449b-9ca6-9f7cf019bac7/images"
            },
            "default-image" : {
              "href" : "https://team42-beyond-api.beyondshop.cloud/api/products/aceae342-719e-449b-9ca6-9f7cf019bac7/default-image"
            },
            "videos" : {
              "href" : "https://team42-beyond-api.beyondshop.cloud/api/products/aceae342-719e-449b-9ca6-9f7cf019bac7/videos"
            },
            "cross-sells" : {
              "href" : "https://team42-beyond-api.beyondshop.cloud/api/products/aceae342-719e-449b-9ca6-9f7cf019bac7/cross-sells"
            },
            "multiple-images" : {
              "href" : "https://team42-beyond-api.beyondshop.cloud/api/products/aceae342-719e-449b-9ca6-9f7cf019bac7/multiple-images"
            },
            "external-images" : {
              "href" : "https://team42-beyond-api.beyondshop.cloud/api/products/aceae342-719e-449b-9ca6-9f7cf019bac7/external-images"
            },
            "additional-descriptions" : {
              "href" : "https://team42-beyond-api.beyondshop.cloud/api/products/aceae342-719e-449b-9ca6-9f7cf019bac7/additional-descriptions"
            }
          }
        }
  recorded_at: Tue, 29 Oct 2024 14:39:40 GMT
- request:
    method: post
    uri: https://team42-beyond-api.beyondshop.cloud/api/oauth/token?grant_type=client_credentials
    body:
      encoding: UTF-8
      string: "{}"
    headers:
      Accept:
      - application/json
      Content-Type:
      - application/json
      User-Agent:
      - Faraday v2.10.1
      Authorization:
      - Basic <ACCESS_TOKEN>
      Accept-Encoding:
      - gzip;q=1.0,deflate;q=0.6,identity;q=0.3
  response:
    status:
      code: 200
      message: OK
    headers:
      Date:
      - Tue, 29 Oct 2024 14:39:40 GMT
      Content-Type:
      - application/json;charset=utf-8
      Transfer-Encoding:
      - chunked
      Connection:
      - keep-alive
      Cache-Control:
      - no-store
      Pragma:
      - no-cache
      X-Content-Type-Options:
      - nosniff
      X-Xss-Protection:
      - 1; mode=block
      Strict-Transport-Security:
      - max-age=31536000 ; includeSubDomains
      X-Frame-Options:
      - DENY
      Server:
      - epages-beyond
      X-Request-Time:
      - '0.095'
      X-B3-Traceid:
      - 407ee5bf5b197168ab2ef1e7ce0a89ba
      X-Hello-Human:
      - Come work with us! https://developer.epages.com/devjobs/
    body:
      encoding: UTF-8
      string: |-
        {
          "access_token" : "<ACCESS_TOKEN>",
          "token_type" : "bearer",
          "expires_in" : 3599,
          "scope" : "orde:r prat:dcur pypr:cur prod:urdc lcnt:u pymt:ur loca:urcd sctg:m shat:cdru rfpr:ur prad:rcd shpz:dcur shad:u ordr:cur shop:u shim:cd cust:urcd clpr:cr legl:ur prda:ru rtpr:rc oset:ur shpr:rcu cset:ru ordp:r catg:cdur nltg:m",
          "tenantId" : 8542,
          "iat" : 1730212780,
          "jti" : "Ux+G698TXLFEG46pWuGAbHUyE/Y="
        }
  recorded_at: Tue, 29 Oct 2024 14:39:40 GMT
- request:
    method: post
    uri: https://team42-beyond-api.beyondshop.cloud/api/products/aceae342-719e-449b-9ca6-9f7cf019bac7/availability/disable-purchasability
    body:
      encoding: UTF-8
      string: "{}"
    headers:
      Accept:
      - application/json
      Content-Type:
      - application/json
      User-Agent:
      - Faraday v2.10.1
      Authorization:
      - Bearer <ACCESS_TOKEN>
      Accept-Encoding:
      - gzip;q=1.0,deflate;q=0.6,identity;q=0.3
  response:
    status:
      code: 200
      message: OK
    headers:
      Date:
      - Tue, 29 Oct 2024 14:39:41 GMT
      Content-Type:
      - application/json
      Transfer-Encoding:
      - chunked
      Connection:
      - keep-alive
      Location:
      - https://team42-beyond-api.beyondshop.cloud/api/products/aceae342-719e-449b-9ca6-9f7cf019bac7/availability
      X-Content-Type-Options:
      - nosniff
      X-Xss-Protection:
      - 1; mode=block
      Cache-Control:
      - no-cache, no-store, max-age=0, must-revalidate
      Pragma:
      - no-cache
      Expires:
      - '0'
      X-Frame-Options:
      - DENY
      Server:
      - epages-beyond
      X-Request-Time:
      - '0.070'
      X-B3-Traceid:
      - e8e06b1763dbf74f5bea161f18e673f0
      X-Hello-Human:
      - Come work with us! https://developer.epages.com/devjobs/
    body:
      encoding: UTF-8
      string: |-
        {
          "availabilityState" : "IN_STOCK",
          "availableStock" : null,
          "stockThreshold" : null,
          "purchasable" : false,
          "_links" : {
            "product" : {
              "href" : "https://team42-beyond-api.beyondshop.cloud/api/products/aceae342-719e-449b-9ca6-9f7cf019bac7"
            },
            "self" : {
              "href" : "https://team42-beyond-api.beyondshop.cloud/api/products/aceae342-719e-449b-9ca6-9f7cf019bac7/availability"
            },
            "enable-purchasability" : {
              "href" : "https://team42-beyond-api.beyondshop.cloud/api/products/aceae342-719e-449b-9ca6-9f7cf019bac7/availability/enable-purchasability"
            },
            "enable-stock-management" : {
              "href" : "https://team42-beyond-api.beyondshop.cloud/api/products/aceae342-719e-449b-9ca6-9f7cf019bac7/availability/enable-stock-management"
            }
          }
        }
  recorded_at: Tue, 29 Oct 2024 14:39:41 GMT
- request:
    method: delete
    uri: https://team42-beyond-api.beyondshop.cloud/api/products/aceae342-719e-449b-9ca6-9f7cf019bac7
    body:
      encoding: US-ASCII
      string: ''
    headers:
      Accept:
      - application/json
      Content-Type:
      - application/json
      User-Agent:
      - Faraday v2.10.1
      Authorization:
      - Bearer <ACCESS_TOKEN>
      Accept-Encoding:
      - gzip;q=1.0,deflate;q=0.6,identity;q=0.3
  response:
    status:
      code: 204
      message: No Content
    headers:
      Date:
      - Tue, 29 Oct 2024 14:39:41 GMT
      Connection:
      - keep-alive
      X-Content-Type-Options:
      - nosniff
      X-Xss-Protection:
      - 1; mode=block
      Cache-Control:
      - no-cache, no-store, max-age=0, must-revalidate
      Pragma:
      - no-cache
      Expires:
      - '0'
      X-Frame-Options:
      - DENY
      Server:
      - epages-beyond
      X-Request-Time:
      - '0.129'
      X-B3-Traceid:
      - 70c3e8688c1f768d688981d07b97ad0e
      X-Hello-Human:
      - Come work with us! https://developer.epages.com/devjobs/
    body:
      encoding: UTF-8
      string: ''
  recorded_at: Tue, 29 Oct 2024 14:39:41 GMT
recorded_with: VCR 6.2.0
